<html>
<body>

Title: Hello World!
Slug: hello-world


This is an example.


</body>
</html>
