<html>
<body>

Encrypted: Ncjji&amp;Qitjb&#39;


This is an example.


</body>
</html>
